EN interleaver NULL /home/ise/SEC/TRANSMISOR_OFDM/interleaver.vhdl sub00/vhpl02 1590857682
EN ppdu_fec NULL /home/ise/SEC/TRANSMISOR_OFDM/PPDU_FEC.vhd sub00/vhpl12 1590857676
AR ppdu ppdu_arq /home/ise/SEC/TRANSMISOR_OFDM/PPDU.vhd sub00/vhpl09 1590857671
EN div_frec NULL /home/ise/SEC/TRANSMISOR_OFDM/div_frec.vhd sub00/vhpl06 1590857668
EN rom NULL /home/ise/SEC/TRANSMISOR_OFDM/ipcore_dir/ROM.vhd sub00/vhpl04 1590857666
EN ppdu NULL /home/ise/SEC/TRANSMISOR_OFDM/PPDU.vhd sub00/vhpl08 1590857670
EN ppd_fec_scrambler_interleaver NULL /home/ise/SEC/TRANSMISOR_OFDM/ppd_fec_scrambler_interleaver.vhd sub00/vhpl18 1590857684
EN fec NULL /home/ise/SEC/TRANSMISOR_OFDM/fec.vhdl sub00/vhpl10 1590857672
AR scrambler arch /home/ise/SEC/TRANSMISOR_OFDM/scrambler.vhdl sub00/vhpl15 1590857679
AR interleaver arch /home/ise/SEC/TRANSMISOR_OFDM/interleaver.vhdl sub00/vhpl03 1590857683
AR rom rom_a /home/ise/SEC/TRANSMISOR_OFDM/ipcore_dir/ROM.vhd sub00/vhpl05 1590857667
AR ppdu_fec ppdu_fec_arq /home/ise/SEC/TRANSMISOR_OFDM/PPDU_FEC.vhd sub00/vhpl13 1590857677
EN ram_interleaver NULL /home/ise/SEC/TRANSMISOR_OFDM/ipcore_dir/RAM_INTERLEAVER.vhd sub00/vhpl00 1590857674
AR ppdu_fec_scrambler ppdu_fec_scrambler_arq /home/ise/SEC/TRANSMISOR_OFDM/PPDU_fec_scrambler.vhd sub00/vhpl17 1590857681
AR ppd_fec_scrambler_interleaver behavioral /home/ise/SEC/TRANSMISOR_OFDM/ppd_fec_scrambler_interleaver.vhd sub00/vhpl19 1590857685
AR ram_interleaver ram_interleaver_a /home/ise/SEC/TRANSMISOR_OFDM/ipcore_dir/RAM_INTERLEAVER.vhd sub00/vhpl01 1590857675
AR fec fec_arq /home/ise/SEC/TRANSMISOR_OFDM/fec.vhdl sub00/vhpl11 1590857673
EN scrambler NULL /home/ise/SEC/TRANSMISOR_OFDM/scrambler.vhdl sub00/vhpl14 1590857678
EN ppdu_fec_scrambler NULL /home/ise/SEC/TRANSMISOR_OFDM/PPDU_fec_scrambler.vhd sub00/vhpl16 1590857680
AR div_frec div_frec_arq /home/ise/SEC/TRANSMISOR_OFDM/div_frec.vhd sub00/vhpl07 1590857669
